Testing initial install
foo_hooked\(\) called
foo\(\) called
Testing re-install
foo_hooked\(\) called
foo\(\) called
Testing trampoline
foo\(\) called
